2025-12-31 22:27:28,167 - INFO - Connected to new database: dnd_clean.db
2025-12-31 22:27:28,923 - INFO - Schema initialized successfully.
2025-12-31 22:27:28,924 - INFO - Processing 5e-SRD-Alignments.json -> alignments...
2025-12-31 22:27:28,949 - INFO - Table 'alignments': Upserted 9 records.
2025-12-31 22:27:28,949 - INFO - Processing 5e-SRD-Backgrounds.json -> backgrounds...
2025-12-31 22:27:29,002 - INFO - Table 'backgrounds': Upserted 11 records.
2025-12-31 22:27:29,002 - INFO - Processing 5e-SRD-Classes.json -> classes...
2025-12-31 22:27:29,057 - INFO - Table 'classes': Upserted 12 records.
2025-12-31 22:27:29,057 - INFO - Processing 5e-SRD-Damage-Types.json -> damage_types...
2025-12-31 22:27:29,111 - INFO - Table 'damage_types': Upserted 13 records.
2025-12-31 22:27:29,182 - INFO - Table 'equipment_categories': Upserted 45 records.
2025-12-31 22:27:29,187 - INFO - Splitting Equipment: 37 Weapons, 13 Armor, 191 Gear.
2025-12-31 22:27:29,221 - INFO - Table 'weapons': Upserted 37 records.
2025-12-31 22:27:29,248 - INFO - Table 'armor': Upserted 13 records.
2025-12-31 22:27:29,298 - INFO - Table 'equipment': Upserted 191 records.
2025-12-31 22:27:29,299 - INFO - Processing 5e-SRD-Features.json -> features...
2025-12-31 22:27:29,394 - INFO - Table 'features': Upserted 831 records.
2025-12-31 22:27:29,395 - INFO - Processing 5e-SRD-Languages.json -> languages...
2025-12-31 22:27:29,415 - INFO - Table 'languages': Upserted 16 records.
2025-12-31 22:27:29,416 - INFO - Processing 5e-SRD-Levels.json -> progression...
2025-12-31 22:27:29,475 - INFO - Table 'progression': Upserted 498 records.
2025-12-31 22:27:29,476 - INFO - Processing 5e-SRD-Magic-Items.json -> magic_items...
2025-12-31 22:27:29,556 - INFO - Table 'magic_items': Upserted 362 records.
2025-12-31 22:27:29,557 - INFO - Processing 5e-SRD-Magic-Schools.json -> magic_schools...
2025-12-31 22:27:29,582 - INFO - Table 'magic_schools': Upserted 8 records.
2025-12-31 22:27:29,583 - INFO - Processing 5e-SRD-Proficiencies.json -> proficiencies...
2025-12-31 22:27:29,648 - INFO - Table 'proficiencies': Upserted 117 records.
2025-12-31 22:27:29,648 - INFO - Processing 5e-SRD-Races.json -> races...
2025-12-31 22:27:29,674 - INFO - Table 'races': Upserted 10 records.
2025-12-31 22:27:29,674 - INFO - Processing 5e-SRD-Skills.json -> skills...
2025-12-31 22:27:29,698 - INFO - Table 'skills': Upserted 18 records.
2025-12-31 22:27:29,699 - INFO - Processing 5e-SRD-Spells.json -> spells...
2025-12-31 22:27:29,798 - INFO - Table 'spells': Upserted 321 records.
2025-12-31 22:27:29,798 - INFO - Processing 5e-SRD-Subclasses.json -> subclasses...
2025-12-31 22:27:29,823 - INFO - Table 'subclasses': Upserted 43 records.
2025-12-31 22:27:29,824 - INFO - Processing 5e-SRD-Subraces.json -> subraces...
2025-12-31 22:27:29,857 - INFO - Table 'subraces': Upserted 10 records.
2025-12-31 22:27:29,857 - INFO - Processing 5e-SRD-Traits.json -> features...
2025-12-31 22:27:29,898 - INFO - Table 'features': Upserted 42 records.
2025-12-31 22:27:29,899 - INFO - Processing 5e-SRD-Weapon-Properties.json -> weapon_properties...
2025-12-31 22:27:29,932 - INFO - Table 'weapon_properties': Upserted 11 records.
2025-12-31 22:27:30,108 - INFO - Migration Complete.
