2025-12-31 20:09:07,017 - INFO - Removed existing database: dnd_clean.db
2025-12-31 20:09:07,202 - INFO - Connected to new database: dnd_clean.db
2025-12-31 20:09:08,330 - INFO - Schema initialized successfully.
2025-12-31 20:09:08,331 - INFO - Processing 5e-SRD-Alignments.json -> alignments...
2025-12-31 20:09:08,392 - INFO - Table 'alignments': Upserted 9 records.
2025-12-31 20:09:08,392 - INFO - Processing 5e-SRD-Backgrounds.json -> backgrounds...
2025-12-31 20:09:08,472 - INFO - Table 'backgrounds': Upserted 11 records.
2025-12-31 20:09:08,472 - INFO - Processing 5e-SRD-Classes.json -> classes...
2025-12-31 20:09:08,501 - INFO - Table 'classes': Upserted 12 records.
2025-12-31 20:09:08,501 - INFO - Processing 5e-SRD-Damage-Types.json -> damage_types...
2025-12-31 20:09:08,542 - INFO - Table 'damage_types': Upserted 13 records.
2025-12-31 20:09:08,567 - INFO - Table 'equipment_categories': Upserted 45 records.
2025-12-31 20:09:08,571 - INFO - Splitting Equipment: 37 Weapons, 13 Armor, 191 Gear.
2025-12-31 20:09:08,600 - INFO - Table 'weapons': Upserted 37 records.
2025-12-31 20:09:08,625 - INFO - Table 'armor': Upserted 13 records.
2025-12-31 20:09:08,672 - INFO - Table 'equipment': Upserted 191 records.
2025-12-31 20:09:08,673 - INFO - Processing 5e-SRD-Features.json -> features...
2025-12-31 20:09:08,753 - INFO - Table 'features': Upserted 831 records.
2025-12-31 20:09:08,754 - INFO - Processing 5e-SRD-Languages.json -> languages...
2025-12-31 20:09:08,767 - INFO - Table 'languages': Upserted 16 records.
2025-12-31 20:09:08,768 - INFO - Processing 5e-SRD-Levels.json -> progression...
2025-12-31 20:09:08,827 - INFO - Table 'progression': Upserted 498 records.
2025-12-31 20:09:08,828 - INFO - Processing 5e-SRD-Magic-Items.json -> magic_items...
2025-12-31 20:09:08,912 - INFO - Table 'magic_items': Upserted 362 records.
2025-12-31 20:09:08,913 - INFO - Processing 5e-SRD-Magic-Schools.json -> magic_schools...
2025-12-31 20:09:08,925 - INFO - Table 'magic_schools': Upserted 8 records.
2025-12-31 20:09:08,926 - INFO - Processing 5e-SRD-Proficiencies.json -> proficiencies...
2025-12-31 20:09:08,942 - INFO - Table 'proficiencies': Upserted 117 records.
2025-12-31 20:09:08,943 - INFO - Processing 5e-SRD-Races.json -> races...
2025-12-31 20:09:08,959 - INFO - Table 'races': Upserted 10 records.
2025-12-31 20:09:08,961 - INFO - Processing 5e-SRD-Skills.json -> skills...
2025-12-31 20:09:08,984 - INFO - Table 'skills': Upserted 18 records.
2025-12-31 20:09:08,984 - INFO - Processing 5e-SRD-Spells.json -> spells...
2025-12-31 20:09:09,059 - INFO - Table 'spells': Upserted 321 records.
2025-12-31 20:09:09,059 - INFO - Processing 5e-SRD-Subclasses.json -> subclasses...
2025-12-31 20:09:09,092 - INFO - Table 'subclasses': Upserted 43 records.
2025-12-31 20:09:09,093 - INFO - Processing 5e-SRD-Subraces.json -> subraces...
2025-12-31 20:09:09,117 - INFO - Table 'subraces': Upserted 10 records.
2025-12-31 20:09:09,117 - INFO - Processing 5e-SRD-Traits.json -> features...
2025-12-31 20:09:09,151 - INFO - Table 'features': Upserted 42 records.
2025-12-31 20:09:09,151 - INFO - Processing 5e-SRD-Weapon-Properties.json -> weapon_properties...
2025-12-31 20:09:09,183 - INFO - Table 'weapon_properties': Upserted 11 records.
2025-12-31 20:09:09,308 - INFO - Migration Complete.
